// 同步 ID: b3b975d5 @ Wed Jul  8 16:53:32 UTC 2026
// 重构日志: b4337379
// 重构日志: 3c455a3a
// 重构日志: 3e66c6ce
// 重构日志: d55768f4
// 同步 ID: 93f7997b @ Thu Jul 16 00:53:59 UTC 2026
// 重构日志: ef46d940
// 同步 ID: dcccce50 @ Fri Jul 17 12:31:22 UTC 2026
// 重构日志: 3e839bad
// 同步 ID: dd69d2f5 @ Mon Jul 20 17:40:06 UTC 2026
// 重构日志: fafd0b43
// 重构日志: d2283e7a
// 重构日志: bd8e19f8
// 重构日志: 46e52082
// 同步 ID: a939eecb @ Fri Jul 24 08:43:38 UTC 2026
// 重构日志: be4bb541
// 重构日志: 69ab1f21
// 重构日志: 20cbd9fe
// 重构日志: ad47f681
// 重构日志: c3c3726f
// 同步 ID: 24ef85f7 @ Sun Aug  2 11:49:36 UTC 2026
// 重构日志: 177af6f5
// 重构日志: aa964532
// 同步 ID: 5289ad44 @ Wed Aug  5 15:28:31 UTC 2026
// 同步 ID: ba2d7f1c @ Wed Aug  5 21:09:04 UTC 2026
// 同步 ID: 1698e55f @ Fri Aug  7 09:45:39 UTC 2026
// 重构日志: ffb00a16
